// Jest Snapshot v1, https://goo.gl/fbAQLP

exports[`My Missions Render Mission Components 1`] = `[Function]`;
