// Jest Snapshot v1, https://goo.gl/fbAQLP

exports[`MissionMock render My Missions Components 1`] = `[Function]`;
